# serializer version: 1
# name: test_door_status[1][request]
  dict({
    'data': dict({
      'name': 'dev_st',
      'type': 'get',
    }),
    'version': '0.1',
  })
# ---
# name: test_door_status[1][response]
  TailwindDoor(disabled=False, door_id='door2', index=1, locked_out=False, state=<TailwindDoorState.OPEN: 'open'>)
# ---
# name: test_door_status[door1][request]
  dict({
    'data': dict({
      'name': 'dev_st',
      'type': 'get',
    }),
    'version': '0.1',
  })
# ---
# name: test_door_status[door1][response]
  TailwindDoor(disabled=False, door_id='door1', index=0, locked_out=False, state=<TailwindDoorState.OPEN: 'open'>)
# ---
# name: test_identify[request]
  dict({
    'data': dict({
      'name': 'identify',
      'type': 'set',
    }),
    'version': '0.1',
  })
# ---
# name: test_operate_close[request]
  dict({
    'data': dict({
      'name': 'door_op',
      'type': 'set',
      'value': dict({
        'cmd': 'close',
        'door_idx': 0,
      }),
    }),
    'version': '0.1',
  })
# ---
# name: test_operate_close[response]
  TailwindDoor(disabled=False, door_id='door1', index=0, locked_out=False, state=<TailwindDoorState.CLOSED: 'close'>)
# ---
# name: test_operate_open[request]
  dict({
    'data': dict({
      'name': 'door_op',
      'type': 'set',
      'value': dict({
        'cmd': 'open',
        'door_idx': 0,
      }),
    }),
    'version': '0.1',
  })
# ---
# name: test_operate_open[response]
  TailwindDoor(disabled=False, door_id='door1', index=0, locked_out=False, state=<TailwindDoorState.OPEN: 'open'>)
# ---
# name: test_operate_took_to_long[request]
  dict({
    'data': dict({
      'name': 'door_op',
      'type': 'set',
      'value': dict({
        'cmd': 'close',
        'door_idx': 0,
      }),
    }),
    'version': '0.1',
  })
# ---
# name: test_status[json]
  '{"dev_id":"_3c_e9_e_6d_21_84_","fw_ver":"10.10","night_mode_en":0,"product":"iQ3","proto_ver":"0.1","led_brightness":100,"door_num":2,"data":{"door1":{"disabled":0,"door_id":"door1","index":0,"lockup":0,"status":"open"},"door2":{"disabled":0,"door_id":"door2","index":1,"lockup":0,"status":"open"}}}'
# ---
# name: test_status[object]
  TailwindDeviceStatus(device_id='_3c_e9_e_6d_21_84_', firmware_version='10.10', night_mode_enabled=False, product='iQ3', protocol_version='0.1', led_brightness=100, number_of_doors=2, doors={'door1': TailwindDoor(disabled=False, door_id='door1', index=0, locked_out=False, state=<TailwindDoorState.OPEN: 'open'>), 'door2': TailwindDoor(disabled=False, door_id='door2', index=1, locked_out=False, state=<TailwindDoorState.OPEN: 'open'>)})
# ---
# name: test_status_led[request]
  dict({
    'data': dict({
      'name': 'status_led',
      'type': 'set',
      'value': dict({
        'brightness': 42,
      }),
    }),
    'version': '0.1',
  })
# ---
